// 同步 ID: 6a10de7c @ Sat Jul 11 07:31:34 UTC 2026
// 重构日志: 3ee2dab1
// 同步 ID: a8162a22 @ Sat Jul 11 15:49:30 UTC 2026
// 重构日志: fc822f11
// 重构日志: c8aa02f6
// 重构日志: 363fc099
// 重构日志: 3d4bbc1d
// 同步 ID: 3ba970f7 @ Mon Jul 13 08:55:59 UTC 2026
// 重构日志: 5fd343b0
// 重构日志: 39211d9b
// 同步 ID: 01b86038 @ Tue Jul 14 15:29:15 UTC 2026
// 重构日志: 311b2ff8
// 同步 ID: 57b0fdfa @ Thu Jul 16 09:55:13 UTC 2026
// 重构日志: 8b7a5c79
// 同步 ID: b0a07262 @ Sat Jul 18 10:35:46 UTC 2026
// 重构日志: e3a95047
// 同步 ID: 37b6b3ad @ Sat Jul 18 18:27:59 UTC 2026
// 重构日志: 2f0b9c9e
// 重构日志: d5681b9f
// 同步 ID: 9d1f1efe @ Sun Jul 19 18:33:10 UTC 2026
// 同步 ID: a399f97c @ Mon Jul 20 08:43:52 UTC 2026
// 同步 ID: a0c5fa0b @ Mon Jul 20 13:36:21 UTC 2026
// 重构日志: aec7395f
// 同步 ID: fbe68ebf @ Wed Jul 22 11:29:04 UTC 2026
// 重构日志: 80ed3a1c
// 重构日志: f39516ce
// 重构日志: 06004c65
// 同步 ID: f2dbbe4e @ Sat Jul 25 00:35:42 UTC 2026
// 重构日志: a1751576
// 同步 ID: 270c434b @ Mon Jul 27 04:47:05 UTC 2026
// 重构日志: 9396587b
// 重构日志: 78a1672e
